10 Downing Street
9.3bn
A.D.
AAA
AI
AOL
AOL Europe
Afghanistan
Africa
Airbus
Alan Beith
Alan Bennett
Alan Bennett's
Alan Greenspan
Alan Webb
Alastair Campbell
Alexander
Alexander Kosenkow
Alice Sebold's
Alistair Cragg
Allied
Allied Domecq
Amanda Ross
Amazon
Amazon.com
American
Andersen
Anderson
Anderson School
Andrea Levy
Andrew McFadyen
Andrew Taylor's
Apple
ArtWorks
Ashcroft
Ashia Hansen
Asia
Askar Akaev
Aston Moore
Athens
Athens Olympic
Athletics Ireland
Ato
Aulis
Australia
Australian
AutoLink
AutoLinks
BA
BBC
BBC News
BBC Radio
BBC Radio 4's
BBC2's Newsnight
BMO Financial Group
BT
Ballantine
Bank of America
Bankash-A Trojan
Barbara Follet
Barbara Windsor
Basingstoke
Beijing
Beith
Bekele
Belgium
Ben Wishaw
Bennett
Berhane Adera
Bertelsmann
Betty
"Betty"""
Biblical
Birkbeck College
Birmingham
Birmingham Grand Prix
Bishop
Blackberry
Blackpool
Blackpool Hotel Association
Blair
Boston
Bournemouth
Brazil
Brazilian
Breville
Brighton
Britain
British
British Airways
British Olympic
Britons
Brown
Brussels
Budget
Bulgaria
Bush
CBI
CDP-101
Cabinet
Cabinet Office
Calico
Cambodia
Cambridge
Cameron Mackintosh
Cameron Mackintosh's
Campbell
Carfax
Carlos Saldarriaga
Carroll
Casio
Cathy Freeman
Catwoman
Ceplak
Chamber
Channel 4
Charles Kennedy
Chidambaram
China
Chinese
Christian
Christian Andersen
Christian Andersen's
Christian Slater
Christianity
Christine Arron
Christmases
Christopher Oram
Church
Cicero
Clare College
Claxton
ClearView Economics
Cloud Atlas
Club World
Cobh
Colchester
Colin Asplin
Collins
Commons
Commonwealth
Connected World
Conservatives
Copenhagen
Corpus
Cory Doctorow
Coudenberg Cellars
Coudenberg Palace
Courvoisier
Cragg
Craig Mottram
Crown Prince Frederik
Cuyo
DOS
Da Vinci Code
Dan Brown
Dan Brown's
Dan Gillmor
Danish
David Eldridge
David Frost
David Mikosz
David Mitchell's
Democrat
Democrats
Dems
Denmark
Diageo
Diamound Multimedia
Diana Rigg
Diane Allahgreen
Dibaba
Digby
Digby Jones
Digital
Disney
Dominic Cooper (His Dark Materials
Dorset
Douglas Hodge
Dr Fox
Dresdner Kleinwort Wasserstein
Dublin
Dunkin' Donuts
Dutchman Patrick van Balkom
EOC
Ed Balls
Eddie Redmayne
Eddington
Education
Edward Albee
Edward Leigh
Electronic Fronter Foundation
England
English
Ethiopia
Ethiopian
Ethiopians
European
European Indoor Championships
Eve Ensler
Eve Green
F-Secure's
FAO
FTSE
Fagin
False Servant
Federal Reserve
Ferris
Festen
Finland
Fionnualla Britton
Flipstart
Focus on
Fox
France
Francis Obikwelu
Frank Capra's
Frank Stone
Frankie Fredericks
French
G20
GMT
GMTV
Gateshead
Gatlin
Georgia
Geraldine McCaughrean
German
Germany
Ghent
Gillian Shepherd
Glasgow
Glenmorangie
Global Information
Gold Dust
Google
Gordon Brown
Gordon Brown's
Government
Graham Norton
Grassroots Media
Great Britain
Greece
Greene
Greenspan
Greenwich
Guy
Guy's My Heart
Hans
Hans Christian Andersen
Hansen
Harold Bloom
Harriet Harman
Harvey Keitel
Havana Club
Heizo Takenaka
Helena Christensen
Helsinki
Henri Josserand
Henry Moore
Herbert Hoover
Hildegard Bechtler
Hitler
Huaral
Hugh Grant
Hungary
IAAF
IFES
IMF
Ian MacNeil
Ian Mackie
Ibrox
India
Indian
Indonesia
Iphigenia
Ireland
Irish
Islamic
Italy
Jack Straw
Jackie Ballard
Jacob
Jadel Gregorio's
Jamaican
James Stewart
Jamie Firestone
Japan
Jarre
Jason Gardener
Jean Kalman
Jean-Michel Jarre
Jeremy Paxman
Jerry Springer - The
Jesus
Joanne Harris
John Bourn
John Guy
John Prescott
Joice Maduaka
Jolanda Ceplak
Jolene Byrne
Jon Thoday
Joni Lovenduski
Joseph O'Connor's
Judy
Judy Finnigan's
Julie Andrews
Justin Gatlin
Kampala
Kansas
Karl Elsener's
Kefa Ssempgani
Kelly Reilly
Ken Mayland
Kenenisa Bekele's
Kennedy
Kim Collins
Kim Gevaert
Kluft
Kodak
Kyrgyz
Labor Department
Labour
Labour MP
Lamine Diack
Langlands & Bell
Las Vegas
Laura Michelle Kelly
Lee Evans
Lehman Brothers
Leicester
Leipzig
Leonard Scott
Levy
Lewis-Francis
Liam Fox
Lib Dem
Liberal Democrats
Lievin
Lima
Linux
Liverpool
London
Luc Bondy
MIT
MPC
MSN Messenger
Madeley
Madonna
Madrid
Maine
Malibu
Manchester
Manhattan
Marc Blume
Margaret Moran
Maria McCambridge
Mark Carroll
Mark Lewis-Francis
Martin Broughton
Martin McDonagh
Mary Magdalene
Mary Poppins
Mary Poppins'
Mary Queen
Matthew Turnbull
Maurice
Maurice Greene
McFadyen
Media Labs
Media Player
Melbourne
Menatep Group
Menatep Group's
Michael Howard
Michael Symmons Roberts'
Microsoft
Microsoft Outlook
Mike Powell
Mikhail Khodorkovsky
Mikko Hypponen
Millennium Dome
Mobile
Monaco
Monetary Policy Committee
Moore
Moscow
Motorola Startac
Mr Balls
Mr Blair
Mr Blair's
Mr Brown
Mr Stone
Ms Ensler
Ms Hewitt
NAO
NIA
Namibian
Nathan Lane
National Executive Committee
National Theatre
Nationals in Santry
Negroponte
NetMD
New Clothes
New Vision
New York
Newton
Nicholas Negroponte
Nick Van den Brul
Nintendo
Nokia
Northern Ireland
Norway
Norwich Union European Indoor
Norwich Union Grand Prix
O'Sullivan
Odense
Olympic
Opera
Orange Expressionist
Owen McCafferty
PDA
Palaniappan Chidambaram
Pam Ferris
Pamela Travers
Paramount
Paris
Parliament
Parliamentary
Patricia Hewitt
Paul Arditti
Paul Brown
Paul Rhys
Paul Sheard
Pele
Pernod
Pernod Ricard
Peru
Peter Mandelson
Philip van Doren Stern
Pillowman
Poland
Poppins
Portugal
Producers
Prof Joni Lovenduski
Prof Lovenduski
Pulsar
Qatar
Queen Mary
RSC
Rebecca Lenkiewicz
Reuters
Richard
Richard Attenborough
Richard Eyre
Richard Griffiths
Richard Madeley
Richard Parsons
Richard Thomas
Richard Wentworth
Rick Egelton
Rings
Robbie Williams'
Robert Sinche
Rod Eddington
Roger Moore
Romola Garai
Ronco
Rosneft
Rufus Norris
Rufus Norris for Festen
Russia
Russian
Russian Irina Shevchenko
SEC
Saldarriaga
Sandra Gidley
Sarah Claxton
Sarah Mukasa
Sarah Teather
Scotland
Scott
Scottish
Sea
Seagram
Serbia
Sheffield
Shining City
Shrewsbury
Simon McBurney
Sinclair QL
Slovenia
Small Island
Smart Tags
Somerset
Sonia O'Sullivan
Sony
Sophos
South Africa
South America
Soviet
Soviet Republics
Spain
St Etienne
Stanley Townsend
State
Stephen Toulouse
Steve Brown
Stolichnaya
Stone
Straw
Stuttgart
Susan Fletcher
Sweden
Sweeney Todd and A Funny Thing Happened
Swiss Army Knife
Sybari Software
Sydney Olympic
Sylvia
Symmons Roberts
TBWA
TUC
Tacitus
Tamagotchi
Tandy
Tara
Tate
Tate Britain
The Agricultural Information Project for Farmers of the Chancay-Huaral Valley
The Board of Irrigation Users
The Department for Trade and Industry
The Food and Agriculture Organisation
The Kyrgyz Republic
The Labor Department
The Labour Party
The Milton Shulman Award
The Motorola Startac
The National Audit Office
The Reporters Without Borders
The Scottish Executive
The Sinclair Executive
The St Kitts
The Ugandan Media Council
The White House
Thomas
Tim Osborne
Time Warner
Time Warner's
TimeWarner
Times
Tirunesh Dibaba
Tivo
Tokyo
Tom Hanks
Tom Wright
Tony Blair
Torbay
Tories
Tory
Tory Treasurer
Tracey Emin
Treasury
Trevor Beattie
Trevor McDonald
Tudor
Turkey
UK
US
Uganda
Ugandan
Ukraine
Vagina Monologues
Van Doren Stern's
Victoria Hamilton
Virgil
Vulcan Inc's
WSJ
Wales
Warner Bros
West End
Westminster
Whatsonstage.com Theatregoers'
Whitbread
Whitbread Prize
Windows
Windows Messenger
World Cross Country Championships
Worlds
Xinhua News Agency
Yelena Isinbayeva
Yugansk
Yukos
Yvette Cooper
Zafi
Zafi-D
Zenith
a Conservative Party
first Dome
the Agricultural Information System
the Apple iPod
the Athletes' Commission
the BBC World Service
the Bank of England's
the Boston Indoor Games
the British Book Awards
the British Chambers of Commerce
the Equal Opportunities Commission
the European Indoor Championships
the European Indoors
the Federal Reserve
the Financial Times
the Food and Agriculture Organisation
the General Election
the German Embassy
the Hans Christian Andersen Award
the House of Commons
the Huaral Valley
the Hutton Inquiry
the IAAF Council
the Labour Party
the Labour Party's
the Liberal Democrats
the Marine Chronometer
the Media Council
the National Theatre
the New Testament
the Northern Echo
the Norwich Union Grand Prix
the Orange Prize
the Royal Court Theatre
the Scottish National Party
the Scottish Parliament
the Sinclair Spectrum
the Smart Tags
the Soros Foundation
the South West
the Swiss Army Knife
the Toshiba Libretto
the Trade and Industry
the US Federal Reserve's
the US Securities Exchange Commission
the United Nations
the United States
the University of East Anglia's
the University of St Andrews
the Wall Street Journal
the World Bank
the World Food Programme
tinny
"Â£30,000"
Â£9
